>>> text_indentation = __import__('5-text_indentation').text_indentation
>>> text_indentation("Hello? Darkness. my old: friend.")
Hello?
<BLANKLINE>
Darkness.
<BLANKLINE>
my old:
<BLANKLINE>
friend.
<BLANKLINE>
>>> text_indentation("Hello? Darkness. my old friend")
Hello?
<BLANKLINE>
Darkness.
<BLANKLINE>
my old friend

>>> text_indentation("")


>>> text_indentation(12)
Traceback (most recent call last):
  File "<stdin>", line 1, in <module>
  File "5-text_indentation.py", line 10, in text_indentation
    raise TypeError("text must be a string")
TypeError: text must be a string
